// Jest Snapshot v1, https://goo.gl/fbAQLP

exports[`The App component Should match a snapshot render 1`] = `
<div>
  <h1>
    Counter Example
  </h1>
  <div>
    Current count: 
    17
  </div>
  <div>
    <button
      onClick={[Function]}
      type="button"
    >
      Increment
    </button>
     
    <button
      onClick={[Function]}
      type="button"
    >
      Decrement
    </button>
  </div>
  <div>
    <button
      onClick={[Function]}
      type="button"
    >
      Reset
    </button>
  </div>
</div>
`;
